// Jest Snapshot v1, https://goo.gl/fbAQLP

exports[`Storyshots Countdown In 1 Week 1`] = `
<time>
  7
  Days, 
  0
  h 
  0
  m 
  0
  s
</time>
`;

exports[`Storyshots Countdown In 5 Minutes 1`] = `
<time>
  0
  Days, 
  0
  h 
  5
  m 
  0
  s
</time>
`;

exports[`Storyshots Countdown My Birthday in 2020 1`] = `
<time>
  229
  Days, 
  7
  h 
  48
  m 
  39
  s
</time>
`;

exports[`Storyshots Countdown My Birthday in 2021 1`] = `
<time>
  594
  Days, 
  7
  h 
  48
  m 
  39
  s
</time>
`;

exports[`Storyshots Countdown Tomorrow 1`] = `
<time>
  1
  Days, 
  0
  h 
  0
  m 
  0
  s
</time>
`;
